register tokenizers/yangram
[[0,0.0,0.0],true]
table_create known_phrases TABLE_PAT_KEY ShortText
[[0,0.0,0.0],true]
load --table known_phrases
[
{"_key": "cde"}
]
[[0,0.0,0.0],1]
tokenize TokenYaBigram "cdef bcdef あいcdefうえ" NormalizerAuto --mode ADD
[
  [
    0,
    0.0,
    0.0
  ],
  [
    {
      "value": "cde",
      "position": 0,
      "force_prefix": false
    },
    {
      "value": "f",
      "position": 1,
      "force_prefix": false
    },
    {
      "value": "bcdef",
      "position": 2,
      "force_prefix": false
    },
    {
      "value": "あい",
      "position": 3,
      "force_prefix": false
    },
    {
      "value": "い",
      "position": 4,
      "force_prefix": false
    },
    {
      "value": "cde",
      "position": 5,
      "force_prefix": false
    },
    {
      "value": "f",
      "position": 6,
      "force_prefix": false
    },
    {
      "value": "うえ",
      "position": 7,
      "force_prefix": false
    },
    {
      "value": "え",
      "position": 8,
      "force_prefix": false
    }
  ]
]
