register tokenizers/yangram
[[0,0.0,0.0],true]
table_create known_phrases TABLE_PAT_KEY ShortText
[[0,0.0,0.0],true]
load --table known_phrases
[
{"_key": "def"}
]
[[0,0.0,0.0],1]
tokenize TokenYaTrigramSplitSymbolAlpha "AABCDEFG" NormalizerAuto --mode ADD
[
  [
    0,
    0.0,
    0.0
  ],
  [
    {
      "value": "aab",
      "position": 0,
      "force_prefix": false,
      "force_prefix_search": false
    },
    {
      "value": "abc",
      "position": 1,
      "force_prefix": false,
      "force_prefix_search": false
    },
    {
      "value": "bc",
      "position": 2,
      "force_prefix": false,
      "force_prefix_search": false
    },
    {
      "value": "c",
      "position": 3,
      "force_prefix": false,
      "force_prefix_search": false
    },
    {
      "value": "def",
      "position": 4,
      "force_prefix": false,
      "force_prefix_search": false
    },
    {
      "value": "g",
      "position": 5,
      "force_prefix": true,
      "force_prefix_search": true
    }
  ]
]
tokenize TokenYaTrigramSplitSymbolAlpha "AABCDEFG" NormalizerAuto --mode GET
[
  [
    0,
    0.0,
    0.0
  ],
  [
    {
      "value": "aab",
      "position": 0,
      "force_prefix": false,
      "force_prefix_search": false
    },
    {
      "value": "abc",
      "position": 1,
      "force_prefix": false,
      "force_prefix_search": false
    },
    {
      "value": "def",
      "position": 4,
      "force_prefix": false,
      "force_prefix_search": false
    },
    {
      "value": "g",
      "position": 5,
      "force_prefix": true,
      "force_prefix_search": true
    }
  ]
]
