register tokenizers/yangram
[[0,0.0,0.0],true]
tokenize TokenYaBigramOverskip "Tommorowは雨だな。" NormalizerAuto --mode GET
[
  [
    0,
    0.0,
    0.0
  ],
  [
    {
      "value": "tommorow",
      "position": 0
    },
    {
      "value": "は雨",
      "position": 1
    },
    {
      "value": "だな",
      "position": 3
    },
    {
      "value": "。",
      "position": 5
    }
  ]
]
