register tokenizers/yangram
[[0,0.0,0.0],true]
tokenize TokenYaBigramSplitSymbolAlphaOverskip "This is" NormalizerAuto --mode ADD
[
  [
    0,
    0.0,
    0.0
  ],
  [
    {
      "value": "th",
      "position": 0
    },
    {
      "value": "hi",
      "position": 1
    },
    {
      "value": "is",
      "position": 2
    },
    {
      "value": "s",
      "position": 3
    },
    {
      "value": "is",
      "position": 4
    },
    {
      "value": "s",
      "position": 5
    }
  ]
]
