register tokenizers/yangram
[[0,0.0,0.0],true]
tokenize TokenYaTrigramOverskip "きつつつき" NormalizerAuto --mode GET
[
  [
    0,
    0.0,
    0.0
  ],
  [
    {
      "value": "きつつ",
      "position": 0
    },
    {
      "value": "つつつ",
      "position": 1
    },
    {
      "value": "つつき",
      "position": 2
    }
  ]
]
