register tokenizers/yangram
[[0,0.0,0.0],true]
tokenize TokenYaTrigramSplitSymbolAlphaOverskip "Tommorow is rainy" NormalizerAuto --mode GET
[
  [
    0,
    0.0,
    0.0
  ],
  [
    {
      "value": "tom",
      "position": 0
    },
    {
      "value": "mor",
      "position": 3
    },
    {
      "value": "ow",
      "position": 6
    },
    {
      "value": "is",
      "position": 8
    },
    {
      "value": "rai",
      "position": 10
    },
    {
      "value": "ny",
      "position": 13
    }
  ]
]
