register tokenizers/yangram
[[0,0.0,0.0],true]
tokenize TokenYaTrigramSplitSymbolAlphaOverskip "Tommorow is rainy" NormalizerAuto --mode GET
[
  [
    0,
    0.0,
    0.0
  ],
  [
    {
      "value": "tom",
      "position": 0
    },
    {
      "value": "mor",
      "position": 3
    },
    {
      "value": "owi",
      "position": 6
    },
    {
      "value": "sra",
      "position": 9
    },
    {
      "value": "iny",
      "position": 12
    }
  ]
]
