register tokenizers/yangram
[[0,0.0,0.0],true]
yangram_register 2 --overlap_skip 1 --combhira_filter 1 --combkata_filter 1
[[0,0.0,0.0],"TokenYaBigramSkipOverlapFilterCombhiraCombkata"]
tokenize TokenYaBigramSkipOverlapFilterCombhiraCombkata "データ装置" NormalizerAuto --mode GET
[
  [
    0,
    0.0,
    0.0
  ],
  [
    {
      "value": "デー",
      "position": 0
    },
    {
      "value": "ータ",
      "position": 1
    },
    {
      "value": "装置",
      "position": 2
    }
  ]
]
