register tokenizers/yangram
[[0,0.0,0.0],true]
yangram_register
[[0,0.0,0.0],"TokenYaBigram"]
yangram_register
[[[-22,0.0,0.0],"already used name"],"TokenYaBigram"]
#|e| already used name
tokenizer_list
[
  [
    0,
    0.0,
    0.0
  ],
  [
    {
      "name": "TokenDelimit"
    },
    {
      "name": "TokenUnigram"
    },
    {
      "name": "TokenBigram"
    },
    {
      "name": "TokenTrigram"
    },
    {
      "name": "TokenBigramSplitSymbol"
    },
    {
      "name": "TokenBigramSplitSymbolAlpha"
    },
    {
      "name": "TokenBigramSplitSymbolAlphaDigit"
    },
    {
      "name": "TokenBigramIgnoreBlank"
    },
    {
      "name": "TokenBigramIgnoreBlankSplitSymbol"
    },
    {
      "name": "TokenBigramIgnoreBlankSplitSymbolAlpha"
    },
    {
      "name": "TokenBigramIgnoreBlankSplitSymbolAlphaDigit"
    },
    {
      "name": "TokenDelimitNull"
    },
    {
      "name": "TokenYaBigram"
    }
  ]
]
