register tokenizers/yangram
[[0,0.0,0.0],true]
yangram_register --split_digit 1
[[0,0.0,0.0],"TokenYaBigramSplitDigit"]
tokenizer_list
[
  [
    0,
    0.0,
    0.0
  ],
  [
    {
      "name": "TokenDelimit"
    },
    {
      "name": "TokenUnigram"
    },
    {
      "name": "TokenBigram"
    },
    {
      "name": "TokenTrigram"
    },
    {
      "name": "TokenBigramSplitSymbol"
    },
    {
      "name": "TokenBigramSplitSymbolAlpha"
    },
    {
      "name": "TokenBigramSplitSymbolAlphaDigit"
    },
    {
      "name": "TokenBigramIgnoreBlank"
    },
    {
      "name": "TokenBigramIgnoreBlankSplitSymbol"
    },
    {
      "name": "TokenBigramIgnoreBlankSplitSymbolAlpha"
    },
    {
      "name": "TokenBigramIgnoreBlankSplitSymbolAlphaDigit"
    },
    {
      "name": "TokenDelimitNull"
    },
    {
      "name": "TokenYaBigramSplitDigit"
    }
  ]
]
tokenize TokenYaBigramSplitDigit "12345" NormalizerAuto
[
  [
    0,
    0.0,
    0.0
  ],
  [
    {
      "value": "12",
      "position": 0
    },
    {
      "value": "23",
      "position": 1
    },
    {
      "value": "34",
      "position": 2
    },
    {
      "value": "45",
      "position": 3
    },
    {
      "value": "5",
      "position": 4
    }
  ]
]
