register tokenizers/yangram
[[0,0.0,0.0],true]
yangram_register --split_alpha 1
[[0,0.0,0.0],"TokenYaBigramSplitAlpha"]
tokenizer_list
[
  [
    0,
    0.0,
    0.0
  ],
  [
    {
      "name": "TokenDelimit"
    },
    {
      "name": "TokenUnigram"
    },
    {
      "name": "TokenBigram"
    },
    {
      "name": "TokenTrigram"
    },
    {
      "name": "TokenBigramSplitSymbol"
    },
    {
      "name": "TokenBigramSplitSymbolAlpha"
    },
    {
      "name": "TokenBigramSplitSymbolAlphaDigit"
    },
    {
      "name": "TokenBigramIgnoreBlank"
    },
    {
      "name": "TokenBigramIgnoreBlankSplitSymbol"
    },
    {
      "name": "TokenBigramIgnoreBlankSplitSymbolAlpha"
    },
    {
      "name": "TokenBigramIgnoreBlankSplitSymbolAlphaDigit"
    },
    {
      "name": "TokenDelimitNull"
    },
    {
      "name": "TokenYaBigramSplitAlpha"
    }
  ]
]
tokenize TokenYaBigramSplitAlpha "abcedf" NormalizerAuto
[
  [
    0,
    0.0,
    0.0
  ],
  [
    {
      "value": "ab",
      "position": 0
    },
    {
      "value": "bc",
      "position": 1
    },
    {
      "value": "ce",
      "position": 2
    },
    {
      "value": "ed",
      "position": 3
    },
    {
      "value": "df",
      "position": 4
    },
    {
      "value": "f",
      "position": 5
    }
  ]
]
