register tokenizers/yangram
[[0,0.0,0.0],true]
yangram_register --ngram_unit 3 --ignore_blank 0   --split_symbol 0 --split_alpha 1 --split_digit 1   --skip_overlap 1 --skip_stopword 1   --filter_combhira 1 --filter_combkata 1   --stem_snowball en
[
  [
    0,
    0.0,
    0.0
  ],
  "TokenYaTrigramSplitAlphaDigitSkipOverlapStopwordFilterCombhiraCombkataStemSnowball"
]
tokenizer_list
[
  [
    0,
    0.0,
    0.0
  ],
  [
    {
      "name": "TokenDelimit"
    },
    {
      "name": "TokenUnigram"
    },
    {
      "name": "TokenBigram"
    },
    {
      "name": "TokenTrigram"
    },
    {
      "name": "TokenBigramSplitSymbol"
    },
    {
      "name": "TokenBigramSplitSymbolAlpha"
    },
    {
      "name": "TokenBigramSplitSymbolAlphaDigit"
    },
    {
      "name": "TokenBigramIgnoreBlank"
    },
    {
      "name": "TokenBigramIgnoreBlankSplitSymbol"
    },
    {
      "name": "TokenBigramIgnoreBlankSplitSymbolAlpha"
    },
    {
      "name": "TokenBigramIgnoreBlankSplitSymbolAlphaDigit"
    },
    {
      "name": "TokenDelimitNull"
    },
    {
      "name": "TokenYaTrigramSplitAlphaDigitSkipOverlapStopwordFilterCombhiraCombkataStemSnowball"
    }
  ]
]
