register tokenizers/yangram
[[0,0.0,0.0],true]
tokenize TokenYaBigram "つつき きつつ" NormalizerAuto --mode GET
[
  [
    0,
    0.0,
    0.0
  ],
  [
    {
      "value": "つつ",
      "position": 0,
      "force_prefix": false,
      "force_prefix_search": false
    },
    {
      "value": "つき",
      "position": 1,
      "force_prefix": false,
      "force_prefix_search": false
    },
    {
      "value": "きつ",
      "position": 3,
      "force_prefix": false,
      "force_prefix_search": false
    },
    {
      "value": "つつ",
      "position": 4,
      "force_prefix": false,
      "force_prefix_search": false
    }
  ]
]
