register tokenizers/yangram
[[0,0.0,0.0],true]
tokenize TokenYaBigram "広告　評論家" NormalizerAuto --mode ADD
[
  [
    0,
    0.0,
    0.0
  ],
  [
    {
      "value": "広告",
      "position": 0
    },
    {
      "value": "告 ",
      "position": 1
    },
    {
      "value": " 評",
      "position": 2
    },
    {
      "value": "評論",
      "position": 3
    },
    {
      "value": "論家",
      "position": 4
    },
    {
      "value": "家",
      "position": 5
    }
  ]
]
