register tokenizers/yangram
[[0,0.0,0.0],true]
tokenize TokenYaBigram "つつ きつつ" NormalizerAuto --mode GET
[
  [
    0,
    0.0,
    0.0
  ],
  [
    {
      "value": "つつ",
      "position": 0,
      "force_prefix": false
    },
    {
      "value": "きつ",
      "position": 2,
      "force_prefix": false
    },
    {
      "value": "つつ",
      "position": 3,
      "force_prefix": false
    }
  ]
]
