register tokenizers/yangram
[[0,0.0,0.0],true]
tokenize TokenYaBigram "つつ きつつ" NormalizerAuto --mode GET
[
  [
    0,
    0.0,
    0.0
  ],
  [
    {
      "value": "つつ",
      "position": 0
    },
    {
      "value": " き",
      "position": 2
    },
    {
      "value": "つつ",
      "position": 4
    }
  ]
]
