register tokenizers/yangram
[[0,0.0,0.0],true]
tokenize TokenYaBigram "広告評論家" NormalizerAuto --mode GET
[
  [
    0,
    0.0,
    0.0
  ],
  [
    {
      "value": "広告",
      "position": 0,
      "force_prefix": false
    },
    {
      "value": "評論",
      "position": 2,
      "force_prefix": false
    },
    {
      "value": "論家",
      "position": 3,
      "force_prefix": false
    }
  ]
]
