register tokenizers/yangram
[[0,0.0,0.0],true]
tokenize TokenYaBigramSplitSymbolAlpha "Thisis" NormalizerAuto --mode GET
[
  [
    0,
    0.0,
    0.0
  ],
  [
    {
      "value": "th",
      "position": 0,
      "force_prefix": false
    },
    {
      "value": "is",
      "position": 2,
      "force_prefix": false
    },
    {
      "value": "is",
      "position": 4,
      "force_prefix": false
    }
  ]
]
