register tokenizers/yangram
[[0,0.0,0.0],true]
tokenize TokenYaBigramSplitSymbolAlpha "This is" NormalizerAuto --mode ADD
[
  [
    0,
    0.0,
    0.0
  ],
  [
    {
      "value": "th",
      "position": 0,
      "force_prefix": false,
      "force_prefix_search": false
    },
    {
      "value": "hi",
      "position": 1,
      "force_prefix": false,
      "force_prefix_search": false
    },
    {
      "value": "is",
      "position": 2,
      "force_prefix": false,
      "force_prefix_search": false
    },
    {
      "value": "s",
      "position": 3,
      "force_prefix": false,
      "force_prefix_search": false
    },
    {
      "value": "is",
      "position": 4,
      "force_prefix": false,
      "force_prefix_search": false
    },
    {
      "value": "s",
      "position": 5,
      "force_prefix": false,
      "force_prefix_search": false
    }
  ]
]
