register tokenizers/yangram
[[0,0.0,0.0],true]
tokenize TokenYaTrigram "今日は、雨だな。" NormalizerAuto --mode ADD
[
  [
    0,
    0.0,
    0.0
  ],
  [
    {
      "value": "今日は",
      "position": 0,
      "force_prefix": false
    },
    {
      "value": "日は",
      "position": 1,
      "force_prefix": false
    },
    {
      "value": "は",
      "position": 2,
      "force_prefix": false
    },
    {
      "value": "、",
      "position": 3,
      "force_prefix": false
    },
    {
      "value": "雨だな",
      "position": 4,
      "force_prefix": false
    },
    {
      "value": "だな",
      "position": 5,
      "force_prefix": false
    },
    {
      "value": "な",
      "position": 6,
      "force_prefix": false
    },
    {
      "value": "。",
      "position": 7,
      "force_prefix": false
    }
  ]
]
