register tokenizers/yangram
[[0,0.0,0.0],true]
tokenize TokenYaTrigramSplitSymbolAlpha "Tommorow is rainy" NormalizerAuto --mode ADD
[
  [
    0,
    0.0,
    0.0
  ],
  [
    {
      "value": "tom",
      "position": 0,
      "force_prefix": false,
      "force_prefix_search": false
    },
    {
      "value": "omm",
      "position": 1,
      "force_prefix": false,
      "force_prefix_search": false
    },
    {
      "value": "mmo",
      "position": 2,
      "force_prefix": false,
      "force_prefix_search": false
    },
    {
      "value": "mor",
      "position": 3,
      "force_prefix": false,
      "force_prefix_search": false
    },
    {
      "value": "oro",
      "position": 4,
      "force_prefix": false,
      "force_prefix_search": false
    },
    {
      "value": "row",
      "position": 5,
      "force_prefix": false,
      "force_prefix_search": false
    },
    {
      "value": "ow",
      "position": 6,
      "force_prefix": false,
      "force_prefix_search": false
    },
    {
      "value": "w",
      "position": 7,
      "force_prefix": false,
      "force_prefix_search": false
    },
    {
      "value": "is",
      "position": 8,
      "force_prefix": false,
      "force_prefix_search": false
    },
    {
      "value": "s",
      "position": 9,
      "force_prefix": false,
      "force_prefix_search": false
    },
    {
      "value": "rai",
      "position": 10,
      "force_prefix": false,
      "force_prefix_search": false
    },
    {
      "value": "ain",
      "position": 11,
      "force_prefix": false,
      "force_prefix_search": false
    },
    {
      "value": "iny",
      "position": 12,
      "force_prefix": false,
      "force_prefix_search": false
    },
    {
      "value": "ny",
      "position": 13,
      "force_prefix": false,
      "force_prefix_search": false
    },
    {
      "value": "y",
      "position": 14,
      "force_prefix": false,
      "force_prefix_search": false
    }
  ]
]
