register tokenizers/yangram
[[0,0.0,0.0],true]
tokenize TokenYaTrigramSplitSymbolAlpha "Tommorow is rainy" NormalizerAuto --mode GET
[
  [
    0,
    0.0,
    0.0
  ],
  [
    {
      "value": "tom",
      "position": 0,
      "force_prefix": false
    },
    {
      "value": "mor",
      "position": 3,
      "force_prefix": false
    },
    {
      "value": "ow ",
      "position": 6,
      "force_prefix": false
    },
    {
      "value": "is ",
      "position": 9,
      "force_prefix": false
    },
    {
      "value": "rai",
      "position": 12,
      "force_prefix": false
    },
    {
      "value": "iny",
      "position": 14,
      "force_prefix": false
    }
  ]
]
