register tokenizers/yangram
[[0,0.0,0.0],true]
yangram_register 3 --skip_overlap 1
[[0,0.0,0.0],"TokenYaTrigramSkipOverlap"]
tokenize TokenYaTrigramSkipOverlap "つつきAきつつ" NormalizerAuto --mode GET
[
  [
    0,
    0.0,
    0.0
  ],
  [
    {
      "value": "つつき",
      "position": 0
    },
    {
      "value": "a",
      "position": 3
    },
    {
      "value": "きつつ",
      "position": 4
    }
  ]
]
