register tokenizers/yangram
[[0,0.0,0.0],true]
tokenize TokenYaBigramContinua "データベースが早い" NormalizerAuto --mode ADD
[
  [
    0,
    0.0,
    0.0
  ],
  [
    {
      "value": "デー",
      "position": 0
    },
    {
      "value": "タベ",
      "position": 1
    },
    {
      "value": "ベー",
      "position": 2
    },
    {
      "value": "スが",
      "position": 3
    },
    {
      "value": "が早",
      "position": 4
    },
    {
      "value": "早い",
      "position": 5
    },
    {
      "value": "い",
      "position": 6
    }
  ]
]
