register tokenizers/yangram
[[0,0.0,0.0],true]
tokenize TokenYaBigramContinua "きょうは雨でしょう" NormalizerAuto --mode ADD
[
  [
    0,
    0.0,
    0.0
  ],
  [
    {
      "value": "きょ",
      "position": 0
    },
    {
      "value": "うは",
      "position": 1
    },
    {
      "value": "は雨",
      "position": 2
    },
    {
      "value": "雨で",
      "position": 3
    },
    {
      "value": "でし",
      "position": 4
    },
    {
      "value": "しょ",
      "position": 5
    },
    {
      "value": "ょう",
      "position": 6
    },
    {
      "value": "う",
      "position": 7
    }
  ]
]
