register tokenizers/yangram
[[0,0.0,0.0],true]
tokenize TokenYaBigramContinua "データベース" NormalizerAuto --mode GET
[
  [
    0,
    0.0,
    0.0
  ],
  [
    {
      "value": "デー",
      "position": 0
    },
    {
      "value": "タベ",
      "position": 1
    },
    {
      "value": "ベー",
      "position": 2
    }
  ]
]
