register tokenizers/yangram
[[0,0.0,0.0],true]
yangram_register 2 --skip_overlap 1 --filter_combhira 1 --filter_combkata 1
[[0,0.0,0.0],"TokenYaBigramSkipOverlapFilterCombhiraCombkata"]
tokenize TokenYaBigramSkipOverlapFilterCombhiraCombkata "データ装置" NormalizerAuto --mode ADD
[
  [
    0,
    0.0,
    0.0
  ],
  [
    {
      "value": "デー",
      "position": 0
    },
    {
      "value": "ータ",
      "position": 1
    },
    {
      "value": "装置",
      "position": 2
    },
    {
      "value": "置",
      "position": 3
    }
  ]
]
