register tokenizers/yangram
[[0,0.0,0.0],true]
yangram_register 2 --skip_overlap 1 --filter_combhira 1 --filter_combkata 1
[[0,0.0,0.0],"TokenYaBigramSkipOverlapFilterCombhiraCombkata"]
tokenize TokenYaBigramSkipOverlapFilterCombhiraCombkata "でじた装置" NormalizerAuto --mode GET
[
  [
    0,
    0.0,
    0.0
  ],
  [
    {
      "value": "でじ",
      "position": 0
    },
    {
      "value": "じた",
      "position": 1
    },
    {
      "value": "装置",
      "position": 2
    }
  ]
]
