register tokenizers/yangram
[[0,0.0,0.0],true]
table_create #vgram_words TABLE_HASH_KEY ShortText
[[0,0.0,0.0],true]
load --table #vgram_words
[
{"_key": "タベ"}
]
[[0,0.0,0.0],1]
tokenize TokenYaVgram "タベA" NormalizerAuto --mode ADD
[
  [
    0,
    0.0,
    0.0
  ],
  [
    {
      "value": "タベ",
      "position": 0
    },
    {
      "value": "ベ",
      "position": 1
    },
    {
      "value": "a",
      "position": 2
    }
  ]
]
tokenize TokenYaVgram "タベA" NormalizerAuto --mode GET
[[0,0.0,0.0],[{"value":"タベ","position":0},{"value":"a","position":2}]]
tokenize TokenYaVgram "タベ" NormalizerAuto --mode ADD
[[0,0.0,0.0],[{"value":"タベ","position":0},{"value":"ベ","position":1}]]
tokenize TokenYaVgram "タベ" NormalizerAuto --mode GET
[[0,0.0,0.0],[{"value":"タベ","position":0}]]
tokenize TokenYaVgram "タベタベ" NormalizerAuto --mode ADD
[
  [
    0,
    0.0,
    0.0
  ],
  [
    {
      "value": "タベタ",
      "position": 0
    },
    {
      "value": "ベタベ",
      "position": 1
    },
    {
      "value": "タベ",
      "position": 2
    },
    {
      "value": "ベ",
      "position": 3
    }
  ]
]
tokenize TokenYaVgram "タベタベ" NormalizerAuto --mode GET
[
  [
    0,
    0.0,
    0.0
  ],
  [
    {
      "value": "タベタ",
      "position": 0
    },
    {
      "value": "ベタベ",
      "position": 1
    }
  ]
]
tokenize TokenYaVgram "データベ" NormalizerAuto --mode ADD
[
  [
    0,
    0.0,
    0.0
  ],
  [
    {
      "value": "デー",
      "position": 0
    },
    {
      "value": "ータベ",
      "position": 1
    },
    {
      "value": "タベ",
      "position": 2
    },
    {
      "value": "ベ",
      "position": 3
    }
  ]
]
tokenize TokenYaVgram "データベ" NormalizerAuto --mode GET
[
  [
    0,
    0.0,
    0.0
  ],
  [
    {
      "value": "デー",
      "position": 0
    },
    {
      "value": "ータベ",
      "position": 1
    }
  ]
]
tokenize TokenYaVgram "データベース" NormalizerAuto --mode ADD
[
  [
    0,
    0.0,
    0.0
  ],
  [
    {
      "value": "デー",
      "position": 0
    },
    {
      "value": "ータベ",
      "position": 1
    },
    {
      "value": "タベー",
      "position": 2
    },
    {
      "value": "ベー",
      "position": 3
    },
    {
      "value": "ース",
      "position": 4
    },
    {
      "value": "ス",
      "position": 5
    }
  ]
]
tokenize TokenYaVgram "データベース" NormalizerAuto --mode GET
[
  [
    0,
    0.0,
    0.0
  ],
  [
    {
      "value": "デー",
      "position": 0
    },
    {
      "value": "タベー",
      "position": 2
    },
    {
      "value": "ース",
      "position": 4
    }
  ]
]
