register tokenizers/yangram
[[0,0.0,0.0],true]
table_create vgram_words TABLE_HASH_KEY ShortText
[[0,0.0,0.0],true]
load --table vgram_words
[
{"_key": "日は"}
]
[[0,0.0,0.0],1]
tokenize TokenYaVgramSplitSymbolAlpha "今日は,雨だ" NormalizerAuto --mode ADD
[
  [
    0,
    0.0,
    0.0
  ],
  [
    {
      "value": "今日",
      "position": 0
    },
    {
      "value": "日は,",
      "position": 1
    },
    {
      "value": "は,",
      "position": 2
    },
    {
      "value": ",雨",
      "position": 3
    },
    {
      "value": "雨だ",
      "position": 4
    },
    {
      "value": "だ",
      "position": 5
    }
  ]
]
tokenize TokenYaVgramSplitSymbolAlpha "今日は,雨だ" NormalizerAuto --mode GET
[
  [
    0,
    0.0,
    0.0
  ],
  [
    {
      "value": "今日",
      "position": 0
    },
    {
      "value": "は,",
      "position": 2
    },
    {
      "value": "雨だ",
      "position": 4
    }
  ]
]
