register tokenizers/yangram
[[0,0.0,0.0],true]
table_create vgram_words TABLE_HASH_KEY ShortText
[[0,0.0,0.0],true]
load --table vgram_words
[
{"_key": "画像"}
]
[[0,0.0,0.0],1]
tokenize TokenYaVgram "画像処理" NormalizerAuto --mode ADD
[
  [
    0,
    0.0,
    0.0
  ],
  [
    {
      "value": "画像処",
      "position": 0,
      "force_prefix": false
    },
    {
      "value": "像処",
      "position": 1,
      "force_prefix": false
    },
    {
      "value": "処理",
      "position": 2,
      "force_prefix": false
    },
    {
      "value": "理",
      "position": 3,
      "force_prefix": false
    }
  ]
]
tokenize TokenYaVgram "画像処理" NormalizerAuto --mode GET
[
  [
    0,
    0.0,
    0.0
  ],
  [
    {
      "value": "画像処",
      "position": 0,
      "force_prefix": false
    },
    {
      "value": "処理",
      "position": 2,
      "force_prefix": false
    }
  ]
]
