register tokenizers/yangram
[[0,0.0,0.0],true]
table_create @yangram_stopwords TABLE_HASH_KEY ShortText
[[0,0.0,0.0],true]
load --table @yangram_stopwords
[
{"_key": "this"},
{"_key": "a"}
]
[[0,0.0,0.0],2]
tokenize TokenYaBigram "This is a pen" NormalizerAuto
[[0,0.0,0.0],[{"value":"is","position":0},{"value":"pen","position":1}]]
