register tokenizers/yangram
[[0,0.0,0.0],true]
table_create vgram_words TABLE_HASH_KEY ShortText
[[0,0.0,0.0],true]
load --table vgram_words
[
{"_key": "府機関"},
{"_key": "機関"}
]
[[0,0.0,0.0],2]
tokenize TokenYaVgramQuad "た政府機関" NormalizerAuto --mode ADD
[
  [
    0,
    0.0,
    0.0
  ],
  [
    {
      "value": "た政",
      "position": 0,
      "force_prefix": false
    },
    {
      "value": "政府",
      "position": 1,
      "force_prefix": false
    },
    {
      "value": "府機関",
      "position": 2,
      "force_prefix": false
    },
    {
      "value": "機関",
      "position": 3,
      "force_prefix": false
    },
    {
      "value": "関",
      "position": 4,
      "force_prefix": false
    }
  ]
]
tokenize TokenYaVgramQuad "た政府機関" NormalizerAuto --mode GET
[
  [
    0,
    0.0,
    0.0
  ],
  [
    {
      "value": "た政",
      "position": 0,
      "force_prefix": false
    },
    {
      "value": "府機関",
      "position": 2,
      "force_prefix": true
    }
  ]
]
