register tokenizers/yangram
[[0,0.0,0.0],true]
table_create vgram_words TABLE_HASH_KEY ShortText
[[0,0.0,0.0],true]
load --table vgram_words
[
{"_key": "データ"},
{"_key": "デー"}
]
[[0,0.0,0.0],2]
tokenize TokenYaVgramQuad "動画データス" NormalizerAuto --mode ADD
[
  [
    0,
    0.0,
    0.0
  ],
  [
    {
      "value": "動画",
      "position": 0
    },
    {
      "value": "画デー",
      "position": 1
    },
    {
      "value": "データス",
      "position": 2
    },
    {
      "value": "ータ",
      "position": 3
    },
    {
      "value": "タス",
      "position": 4
    },
    {
      "value": "ス",
      "position": 5
    },
    {
      "value": "画デ",
      "position": 6
    },
    {
      "value": "デー",
      "position": 7
    },
    {
      "value": "データ",
      "position": 8
    }
  ]
]
tokenize TokenYaVgramQuad "動画データス" NormalizerAuto --mode GET
[
  [
    0,
    0.0,
    0.0
  ],
  [
    {
      "value": "動画",
      "position": 0
    },
    {
      "value": "データス",
      "position": 2
    }
  ]
]
